[matrix] attacks=['sign_flip', 'constant', 'suppression', 'stealth']  aggregators=['mean', 'median', 'trimmed_mean', 'krum']  K=2/5  rounds=5  device=cuda
[data] loading cifar10 train + test …
/home/yaniss/Dev/federated-learning-privacy/.venv/lib/python3.12/site-packages/torchvision/datasets/cifar.py:83: VisibleDeprecationWarning: dtype(): align should be passed as Python or NumPy boolean but got `align=0`. Did you mean to pass a tuple to create a subarray type? (Deprecated NumPy 2.4)
  entry = pickle.load(f, encoding="latin1")

=== sign_flip × mean ===
  [r 1/5] acc=0.145 loss=2.280 (15s)
  [r 2/5] acc=0.244 loss=2.223 (29s)
  [r 3/5] acc=0.305 loss=2.140 (42s)
  [r 4/5] acc=0.373 loss=2.050 (56s)
  [r 5/5] acc=0.377 loss=1.966 (69s)
  [done] acc=0.377  cos(target→global)=+0.920

=== sign_flip × median ===
  [r 1/5] acc=0.274 loss=1.973 (15s)
  [r 2/5] acc=0.403 loss=1.712 (28s)
  [r 3/5] acc=0.435 loss=1.554 (41s)
  [r 4/5] acc=0.475 loss=1.453 (53s)
  [r 5/5] acc=0.507 loss=1.381 (66s)
  [done] acc=0.507  cos(target→global)=+0.909

=== sign_flip × trimmed_mean ===
  [r 1/5] acc=0.184 loss=2.248 (13s)
  [r 2/5] acc=0.339 loss=2.117 (26s)
  [r 3/5] acc=0.354 loss=1.963 (43s)
  [r 4/5] acc=0.414 loss=1.824 (58s)
  [r 5/5] acc=0.419 loss=1.726 (71s)
  [done] acc=0.419  cos(target→global)=+0.941

=== sign_flip × krum ===
  [r 1/5] acc=0.292 loss=1.947 (13s)
  [r 2/5] acc=0.378 loss=1.745 (25s)
